// Jest Snapshot v1, https://goo.gl/fbAQLP

exports[`renders empty given no tabs 1`] = `
<footer>
  Â© 
  <span
    className="app-title-footer"
  >
    graze
  </span>
   
  2019
</footer>
`;
